// Jest Snapshot v1, https://goo.gl/fbAQLP

exports[`<Carrer /> should render pic on left 1`] = `
.c0 {
  width: 100%;
  height: 100%;
  background: none;
  border-radius: 0.4rem;
  display: grid;
}

.c1 {
  position: relative;
  width: 100%;
  height: 25rem;
  -webkit-align-self: end;
  -ms-flex-item-align: end;
  align-self: end;
  padding: 1.6rem 1.6rem 0 1.6rem;
}

.c1 img {
  max-width: 25rem;
  height: 100%;
}

.c1::after {
  content: '';
  position: absolute;
  bottom: 0;
  left: 0;
  height: 1rem;
  width: 95%;
  background: linear-gradient( 90deg,rgba(12,74,110,1) 18%,rgba(63,147,186,1) 61%,rgba(233,245,247,1) 100% );
}

.c3 {
  font-size: 1.8rem;
  font-weight: 700;
}

.c4 {
  color: #475569;
  font-size: 1.2rem;
  font-weight: 400;
  margin-bottom: 2.4rem;
}

.c2 {
  box-shadow: 0 1rem 3rem 0 rgba(143,177,200,0.22);
  background-color: #0C4A6E;
  padding: 2.4rem;
  border-radius: 0 0 0.4rem 0.4rem;
}

.c2 h3,
.c2 p,
.c2 li {
  text-align: justify;
  color: #F8FAFC;
}

.c2 ul {
  display: -webkit-box;
  display: -webkit-flex;
  display: -ms-flexbox;
  display: flex;
  -webkit-flex-direction: column;
  -ms-flex-direction: column;
  flex-direction: column;
  gap: 1.6rem;
  list-style: none;
}

.c2 li {
  font-size: 1.4rem;
  font-weight: 400;
  line-height: 2.8rem;
}

@media (min-width:768px) {
  .c0 {
    grid-template-areas: 'image description';
  }
}

@media (min-width:768px) {
  .c1 {
    grid-area: image;
    height: 30rem;
  }
}

@media (min-width:768px) {
  .c1::after {
    height: 1.2rem;
  }
}

@media (min-width:768px) {
  .c3 {
    font-size: 2.0rem;
    margin-bottom: 0.8rem;
  }
}

@media (min-width:768px) {
  .c4 {
    font-size: 1.4rem;
    margin-bottom: 3.2rem;
  }
}

@media (min-width:768px) {
  .c2 {
    grid-area: description;
    border-radius: 0.4rem;
  }

  .c2 li {
    font-size: 1.6rem;
  }
}

<div
  class="c0"
>
  <figure
    class="c1"
  >
    <img
      alt="Doutor fulano"
      src="/img/float-1.png"
    />
  </figure>
  <div
    class="c2"
  >
    <h3
      class="c3"
    >
       
      Doutor fulano
    </h3>
    <p
      class="c4"
    >
       
      Especialista e Mestre em Cirurgia Buco Maxilo Facial
    </p>
    <ul>
      <li>
        Professor do Mestrado de Odontologia nas áreas de Implantodontia e Estomatologia
      </li>
      <li>
        Especialista em Prótese dentária e Especialista em Implantodontia
      </li>
      <li>
        Professor da Escola Bahiana de Medicina e Saúde Pública, Curso de Odontologia
      </li>
      <li>
        Preceptor da Residência em Cirurgia Buco Maxilo Facial do Hospital Geral Roberto Santos/Bahiana
      </li>
    </ul>
  </div>
</div>
`;
