// Jest Snapshot v1, https://goo.gl/fbAQLP

exports[`<MediaMatch /> doest not should render MediaMatch 1`] = `
.c0 {
  display: none;
}

@media (min-width:768px) {
  .c0 {
    display: block;
  }
}

<div
  class="c0"
>
   Deve aparecer 
</div>
`;
