// Jest Snapshot v1, https://goo.gl/fbAQLP

exports[`<CourseCard /> should render CourseCard 1`] = `
.c0 {
  width: 100%;
  height: 100%;
  border-radius: 0.4rem;
  display: -webkit-box;
  display: -webkit-flex;
  display: -ms-flexbox;
  display: flex;
  -webkit-flex-direction: column;
  -ms-flex-direction: column;
  flex-direction: column;
  box-shadow: 1.8px 3.6px 1.8px rgba(0,0,0,0.25);
}

.c1 {
  min-height: 14rem;
  width: 100%;
  background: #f6f7f8;
  background-image: linear-gradient( to right,#f6f7f8 0%,#edeef1 20%,#f6f7f8 40%,#f6f7f8 100% );
  background-size: 80rem 14rem;
  -webkit-animation: placeholderShimmer 1s linear infinite forwards;
  animation: placeholderShimmer 1s linear infinite forwards;
}

.c2 {
  width: 100%;
  height: 100%;
  display: block;
  border-top-left-radius: 0.4rem;
  border-top-right-radius: 0.4rem;
}

.c3 {
  text-align: center;
  padding: 1.6rem 0;
  background-color: #0284C7;
  border-bottom-left-radius: 0.4rem;
  border-bottom-right-radius: 0.4rem;
}

.c4 {
  color: #F8FAFC;
  font-weight: 600;
  font-size: 1.4rem;
  display: inline-block;
  margin: auto;
  max-width: 13.6rem;
}

@media (min-width:768px) {
  .c3 {
    font-size: 2.0rem;
    padding: 2.4rem 0;
  }
}

@media (min-width:768px) {
  .c4 {
    font-size: 2.0rem;
    padding: 2.4rem 0;
    max-width: 22.5rem;
  }
}

<article
  class="c0"
>
  <figure
    class="c1"
  >
    <img
      alt="Especialização em implantodontia"
      class="c2"
      src="/img/pic1"
    />
  </figure>
  <div
    class="c3"
  >
    <a
      class="c4"
      href="#"
    >

      Especialização em implantodontia

    </a>
  </div>
</article>
`;
