// Jest Snapshot v1, https://goo.gl/fbAQLP

exports[`<ShowCase /> should render ShowCase 1`] = `
.c0 {
  padding-left: calc(9.6rem / 4);
  padding-right: calc(9.6rem / 4);
  width: 100%;
  max-width: 130rem;
  margin-right: auto;
  margin-left: auto;
}

.c1 {
  margin-bottom: 4.8rem;
}

.c1 > p {
  color: #334155;
  font-size: 1.6rem;
  font-weight: 400;
  line-height: 120%;
}

@media (min-width:768px) {
  .c1 {
    margin-bottom: calc(4.8rem * 2 );
  }

  .c1 >p {
    font-size: 2.0rem;
    line-height: 120%;
  }
}

@media (min-width:768px) {

}

@media (max-width:768px) {

}

<div>
  <section
    class="c0 c1"
  >
    <div
      data-testid="Mock Heading"
    />
    <p>
      children test
    </p>
    <div
      data-testid="Mock News Slider"
    />
    <div
      data-testid="Mock Pacient Highlight"
    />
  </section>
</div>
`;
