// Jest Snapshot v1, https://goo.gl/fbAQLP

exports[`Main should render main with bg color 1`] = `
.c0 {
  background-color: #0000FF;
}

.c1 {
  color: #FAFAFA;
}

<div
  class="c0"
>
  <h1
    class="c1"
  >
    Main Title
  </h1>
</div>
`;
