// Jest Snapshot v1, https://goo.gl/fbAQLP

exports[`<Heading /> should render heading with white cosmetic  1`] = `
.c0 {
  display: -webkit-box;
  display: -webkit-flex;
  display: -ms-flexbox;
  display: flex;
  -webkit-align-items: center;
  -webkit-box-align: center;
  -ms-flex-align: center;
  align-items: center;
  font-size: 2.0rem;
  font-weight: 600;
  color: #F8FAFC;
}

.c0::before {
  content: '';
  display: inline-block;
  margin-right: 1.6rem;
  width: 0.7rem;
  height: 3.3rem;
  background-color: #F8FAFC;
}

@media (min-width:768px) {
  .c0 {
    font-size: 2.8rem;
  }
}

<div>
  <h2
    class="c0"
    color="white"
  >
    Corpo Docente
  </h2>
</div>
`;
