// Jest Snapshot v1, https://goo.gl/fbAQLP

exports[`should render Logo in big screen with this rules 1`] = `
.c0 {
  width: 22.1rem;
  height: 4.7rem;
}

.c1 {
  width: 100%;
  height: 100%;
}

@media (min-width:768px) {
  .c0 {
    width: 24.2rem;
    height: 6.2rem;
  }
}

<div>
  <div
    class="c0"
  >
    <img
      alt="Logo branca escrito ícone. Pós graduação em odontologia"
      class="c1"
      src="/img/Logo.svg"
    />
  </div>
</div>
`;
